// Jest Snapshot v1, https://goo.gl/fbAQLP

exports[`Login Component component should render the compoent without crushing 1`] = `
<div
  className="container-fluid bg-3 text-center"
>
  <h3
    style={
      Object {
        "color": "blue",
      }
    }
  >
    Find Our Awesome Posts
  </h3>
  <div
    className="row"
  />
</div>
`;
