// Jest Snapshot v1, https://goo.gl/fbAQLP

exports[`<NotFoundPage /> should render the NotFoundPage 1`] = `
<h1>
  Ooops, route not found.
</h1>
`;
